./main test1 test2 
  
